// Jest Snapshot v1, https://goo.gl/fbAQLP

exports[`<todo /> renders correctly when there are no items 1`] = `
Array [
  <header
    className="MuiPaper-root MuiPaper-elevation MuiPaper-elevation4 MuiAppBar-root MuiAppBar-colorPrimary MuiAppBar-positionRelative css-1vazdj7-MuiPaper-root-MuiAppBar-root"
    style={
      Object {
        "alignItems": "center",
        "background": "#2E3B55",
        "display": "flex",
        "justifyContent": "center",
      }
    }
  >
    <div
      align="center"
      className="MuiToolbar-root MuiToolbar-gutters MuiToolbar-regular css-hyum1k-MuiToolbar-root"
    >
      <svg
        aria-hidden={true}
        className="MuiSvgIcon-root MuiSvgIcon-fontSizeMedium css-yurbhn-MuiSvgIcon-root"
        data-testid="ListAltOutlinedIcon"
        focusable="false"
        viewBox="0 0 24 24"
      >
        <path
          d="M11 7h6v2h-6zm0 4h6v2h-6zm0 4h6v2h-6zM7 7h2v2H7zm0 4h2v2H7zm0 4h2v2H7zM20.1 3H3.9c-.5 0-.9.4-.9.9v16.2c0 .4.4.9.9.9h16.2c.4 0 .9-.5.9-.9V3.9c0-.5-.5-.9-.9-.9zM19 19H5V5h14v14z"
        />
      </svg>
      <h5
        className="MuiTypography-root MuiTypography-h5 MuiTypography-alignCenter MuiTypography-noWrap css-uwnzno-MuiTypography-root"
      >
        Task Management
      </h5>
    </div>
  </header>,
  <div>
    <div>
      <div
        className="MuiGrid-root MuiGrid-container MuiGrid-spacing-xs-3 css-1isesj-MuiGrid-root"
      >
        <div
          className="MuiGrid-root MuiGrid-item MuiGrid-grid-xs-12 MuiGrid-grid-sm-2 MuiGrid-grid-md-2 css-63b4os-MuiGrid-root"
        >
          <div
            className="MuiFormControl-root MuiTextField-root css-1u3bzj6-MuiFormControl-root-MuiTextField-root"
            style={
              Object {
                "width": "90%",
              }
            }
          >
            <div
              className="MuiInputBase-root MuiOutlinedInput-root MuiInputBase-colorPrimary MuiInputBase-formControl css-9ddj71-MuiInputBase-root-MuiOutlinedInput-root"
              onClick={[Function]}
            >
              <input
                aria-invalid={false}
                autoFocus={false}
                className="MuiInputBase-input MuiOutlinedInput-input css-1t8l2tu-MuiInputBase-input-MuiOutlinedInput-input"
                disabled={false}
                id="taskTitle"
                name="taskTitle"
                onAnimationStart={[Function]}
                onBlur={[Function]}
                onChange={[Function]}
                onFocus={[Function]}
                placeholder="Task Title"
                required={false}
                type="text"
                value=""
              />
              <fieldset
                aria-hidden={true}
                className="MuiOutlinedInput-notchedOutline css-1d3z3hw-MuiOutlinedInput-notchedOutline"
              >
                <legend
                  className="css-ihdtdm"
                >
                  <span
                    className="notranslate"
                  >
                    ​
                  </span>
                </legend>
              </fieldset>
            </div>
          </div>
        </div>
        <div
          className="MuiGrid-root MuiGrid-item MuiGrid-grid-xs-12 MuiGrid-grid-sm-6 MuiGrid-grid-md-6 css-1b3l6lk-MuiGrid-root"
        >
          <div
            className="MuiFormControl-root MuiTextField-root css-1u3bzj6-MuiFormControl-root-MuiTextField-root"
            style={
              Object {
                "width": "90%",
              }
            }
          >
            <div
              className="MuiInputBase-root MuiOutlinedInput-root MuiInputBase-colorPrimary MuiInputBase-formControl css-9ddj71-MuiInputBase-root-MuiOutlinedInput-root"
              onClick={[Function]}
            >
              <input
                aria-invalid={false}
                autoFocus={false}
                className="MuiInputBase-input MuiOutlinedInput-input css-1t8l2tu-MuiInputBase-input-MuiOutlinedInput-input"
                disabled={false}
                id="taskDesc"
                name="taskDesc"
                onAnimationStart={[Function]}
                onBlur={[Function]}
                onChange={[Function]}
                onFocus={[Function]}
                placeholder="Task Description"
                required={false}
                type="text"
                value=""
              />
              <fieldset
                aria-hidden={true}
                className="MuiOutlinedInput-notchedOutline css-1d3z3hw-MuiOutlinedInput-notchedOutline"
              >
                <legend
                  className="css-ihdtdm"
                >
                  <span
                    className="notranslate"
                  >
                    ​
                  </span>
                </legend>
              </fieldset>
            </div>
          </div>
        </div>
        <div
          className="MuiGrid-root MuiGrid-item MuiGrid-grid-xs-12 MuiGrid-grid-sm-2 MuiGrid-grid-md-2 css-63b4os-MuiGrid-root"
        >
          <div
            className="MuiFormControl-root MuiTextField-root css-1u3bzj6-MuiFormControl-root-MuiTextField-root"
            style={
              Object {
                "width": "90%",
              }
            }
          >
            <div
              className="MuiInputBase-root MuiOutlinedInput-root MuiInputBase-colorPrimary MuiInputBase-formControl css-9ddj71-MuiInputBase-root-MuiOutlinedInput-root"
              onClick={[Function]}
            >
              <input
                aria-invalid={false}
                autoFocus={false}
                className="MuiInputBase-input MuiOutlinedInput-input css-1t8l2tu-MuiInputBase-input-MuiOutlinedInput-input"
                disabled={false}
                id="taskDate"
                name="taskDate"
                onAnimationStart={[Function]}
                onBlur={[Function]}
                onChange={[Function]}
                onFocus={[Function]}
                placeholder="Date"
                required={false}
                type="date"
                value=""
              />
              <fieldset
                aria-hidden={true}
                className="MuiOutlinedInput-notchedOutline css-1d3z3hw-MuiOutlinedInput-notchedOutline"
              >
                <legend
                  className="css-ihdtdm"
                >
                  <span
                    className="notranslate"
                  >
                    ​
                  </span>
                </legend>
              </fieldset>
            </div>
          </div>
        </div>
        <div
          className="MuiGrid-root MuiGrid-item MuiGrid-grid-xs-12 MuiGrid-grid-sm-2 MuiGrid-grid-md-2 css-63b4os-MuiGrid-root"
        >
          <div
            className="MuiFormControl-root MuiTextField-root css-1u3bzj6-MuiFormControl-root-MuiTextField-root"
            style={
              Object {
                "width": "90%",
              }
            }
          >
            <div
              className="MuiInputBase-root MuiOutlinedInput-root MuiInputBase-colorPrimary MuiInputBase-formControl css-9ddj71-MuiInputBase-root-MuiOutlinedInput-root"
              onClick={[Function]}
            >
              <input
                aria-invalid={false}
                autoFocus={false}
                className="MuiInputBase-input MuiOutlinedInput-input css-1t8l2tu-MuiInputBase-input-MuiOutlinedInput-input"
                disabled={false}
                id="taskImage"
                name="taskImage"
                onAnimationStart={[Function]}
                onBlur={[Function]}
                onChange={[Function]}
                onFocus={[Function]}
                required={false}
                type="file"
              />
              <fieldset
                aria-hidden={true}
                className="MuiOutlinedInput-notchedOutline css-1d3z3hw-MuiOutlinedInput-notchedOutline"
              >
                <legend
                  className="css-ihdtdm"
                >
                  <span
                    className="notranslate"
                  >
                    ​
                  </span>
                </legend>
              </fieldset>
            </div>
          </div>
        </div>
      </div>
    </div>
  </div>,
  <div
    className="MuiBox-root css-xi606m"
  >
    <button
      className="MuiButtonBase-root MuiButton-root MuiButton-contained MuiButton-containedPrimary MuiButton-sizeMedium MuiButton-containedSizeMedium MuiButton-root MuiButton-contained MuiButton-containedPrimary MuiButton-sizeMedium MuiButton-containedSizeMedium css-sghohy-MuiButtonBase-root-MuiButton-root"
      disabled={false}
      onBlur={[Function]}
      onClick={[Function]}
      onContextMenu={[Function]}
      onDragLeave={[Function]}
      onFocus={[Function]}
      onKeyDown={[Function]}
      onKeyUp={[Function]}
      onMouseDown={[Function]}
      onMouseLeave={[Function]}
      onMouseUp={[Function]}
      onTouchEnd={[Function]}
      onTouchMove={[Function]}
      onTouchStart={[Function]}
      style={
        Object {
          "backgroundColor": "#2E3B55",
          "width": "40%",
        }
      }
      tabIndex={0}
      type="button"
    >
      Create Task
    </button>
  </div>,
  <div
    style={
      Object {
        "display": "flex",
        "flexDirection": "row",
      }
    }
  >
    <div
      className="MuiGrid-root MuiGrid-container MuiGrid-spacing-xs-3 css-1isesj-MuiGrid-root"
    />
  </div>,
]
`;

exports[`<todo /> renders todo Component 1`] = `
Array [
  <header
    className="MuiPaper-root MuiPaper-elevation MuiPaper-elevation4 MuiAppBar-root MuiAppBar-colorPrimary MuiAppBar-positionRelative css-1vazdj7-MuiPaper-root-MuiAppBar-root"
    style={
      Object {
        "alignItems": "center",
        "background": "#2E3B55",
        "display": "flex",
        "justifyContent": "center",
      }
    }
  >
    <div
      align="center"
      className="MuiToolbar-root MuiToolbar-gutters MuiToolbar-regular css-hyum1k-MuiToolbar-root"
    >
      <svg
        aria-hidden={true}
        className="MuiSvgIcon-root MuiSvgIcon-fontSizeMedium css-yurbhn-MuiSvgIcon-root"
        data-testid="ListAltOutlinedIcon"
        focusable="false"
        viewBox="0 0 24 24"
      >
        <path
          d="M11 7h6v2h-6zm0 4h6v2h-6zm0 4h6v2h-6zM7 7h2v2H7zm0 4h2v2H7zm0 4h2v2H7zM20.1 3H3.9c-.5 0-.9.4-.9.9v16.2c0 .4.4.9.9.9h16.2c.4 0 .9-.5.9-.9V3.9c0-.5-.5-.9-.9-.9zM19 19H5V5h14v14z"
        />
      </svg>
      <h5
        className="MuiTypography-root MuiTypography-h5 MuiTypography-alignCenter MuiTypography-noWrap css-uwnzno-MuiTypography-root"
      >
        Task Management
      </h5>
    </div>
  </header>,
  <div>
    <div>
      <div
        className="MuiGrid-root MuiGrid-container MuiGrid-spacing-xs-3 css-1isesj-MuiGrid-root"
      >
        <div
          className="MuiGrid-root MuiGrid-item MuiGrid-grid-xs-12 MuiGrid-grid-sm-2 MuiGrid-grid-md-2 css-63b4os-MuiGrid-root"
        >
          <div
            className="MuiFormControl-root MuiTextField-root css-1u3bzj6-MuiFormControl-root-MuiTextField-root"
            style={
              Object {
                "width": "90%",
              }
            }
          >
            <div
              className="MuiInputBase-root MuiOutlinedInput-root MuiInputBase-colorPrimary MuiInputBase-formControl css-9ddj71-MuiInputBase-root-MuiOutlinedInput-root"
              onClick={[Function]}
            >
              <input
                aria-invalid={false}
                autoFocus={false}
                className="MuiInputBase-input MuiOutlinedInput-input css-1t8l2tu-MuiInputBase-input-MuiOutlinedInput-input"
                disabled={false}
                id="taskTitle"
                name="taskTitle"
                onAnimationStart={[Function]}
                onBlur={[Function]}
                onChange={[Function]}
                onFocus={[Function]}
                placeholder="Task Title"
                required={false}
                type="text"
                value=""
              />
              <fieldset
                aria-hidden={true}
                className="MuiOutlinedInput-notchedOutline css-1d3z3hw-MuiOutlinedInput-notchedOutline"
              >
                <legend
                  className="css-ihdtdm"
                >
                  <span
                    className="notranslate"
                  >
                    ​
                  </span>
                </legend>
              </fieldset>
            </div>
          </div>
        </div>
        <div
          className="MuiGrid-root MuiGrid-item MuiGrid-grid-xs-12 MuiGrid-grid-sm-6 MuiGrid-grid-md-6 css-1b3l6lk-MuiGrid-root"
        >
          <div
            className="MuiFormControl-root MuiTextField-root css-1u3bzj6-MuiFormControl-root-MuiTextField-root"
            style={
              Object {
                "width": "90%",
              }
            }
          >
            <div
              className="MuiInputBase-root MuiOutlinedInput-root MuiInputBase-colorPrimary MuiInputBase-formControl css-9ddj71-MuiInputBase-root-MuiOutlinedInput-root"
              onClick={[Function]}
            >
              <input
                aria-invalid={false}
                autoFocus={false}
                className="MuiInputBase-input MuiOutlinedInput-input css-1t8l2tu-MuiInputBase-input-MuiOutlinedInput-input"
                disabled={false}
                id="taskDesc"
                name="taskDesc"
                onAnimationStart={[Function]}
                onBlur={[Function]}
                onChange={[Function]}
                onFocus={[Function]}
                placeholder="Task Description"
                required={false}
                type="text"
                value=""
              />
              <fieldset
                aria-hidden={true}
                className="MuiOutlinedInput-notchedOutline css-1d3z3hw-MuiOutlinedInput-notchedOutline"
              >
                <legend
                  className="css-ihdtdm"
                >
                  <span
                    className="notranslate"
                  >
                    ​
                  </span>
                </legend>
              </fieldset>
            </div>
          </div>
        </div>
        <div
          className="MuiGrid-root MuiGrid-item MuiGrid-grid-xs-12 MuiGrid-grid-sm-2 MuiGrid-grid-md-2 css-63b4os-MuiGrid-root"
        >
          <div
            className="MuiFormControl-root MuiTextField-root css-1u3bzj6-MuiFormControl-root-MuiTextField-root"
            style={
              Object {
                "width": "90%",
              }
            }
          >
            <div
              className="MuiInputBase-root MuiOutlinedInput-root MuiInputBase-colorPrimary MuiInputBase-formControl css-9ddj71-MuiInputBase-root-MuiOutlinedInput-root"
              onClick={[Function]}
            >
              <input
                aria-invalid={false}
                autoFocus={false}
                className="MuiInputBase-input MuiOutlinedInput-input css-1t8l2tu-MuiInputBase-input-MuiOutlinedInput-input"
                disabled={false}
                id="taskDate"
                name="taskDate"
                onAnimationStart={[Function]}
                onBlur={[Function]}
                onChange={[Function]}
                onFocus={[Function]}
                placeholder="Date"
                required={false}
                type="date"
                value=""
              />
              <fieldset
                aria-hidden={true}
                className="MuiOutlinedInput-notchedOutline css-1d3z3hw-MuiOutlinedInput-notchedOutline"
              >
                <legend
                  className="css-ihdtdm"
                >
                  <span
                    className="notranslate"
                  >
                    ​
                  </span>
                </legend>
              </fieldset>
            </div>
          </div>
        </div>
        <div
          className="MuiGrid-root MuiGrid-item MuiGrid-grid-xs-12 MuiGrid-grid-sm-2 MuiGrid-grid-md-2 css-63b4os-MuiGrid-root"
        >
          <div
            className="MuiFormControl-root MuiTextField-root css-1u3bzj6-MuiFormControl-root-MuiTextField-root"
            style={
              Object {
                "width": "90%",
              }
            }
          >
            <div
              className="MuiInputBase-root MuiOutlinedInput-root MuiInputBase-colorPrimary MuiInputBase-formControl css-9ddj71-MuiInputBase-root-MuiOutlinedInput-root"
              onClick={[Function]}
            >
              <input
                aria-invalid={false}
                autoFocus={false}
                className="MuiInputBase-input MuiOutlinedInput-input css-1t8l2tu-MuiInputBase-input-MuiOutlinedInput-input"
                disabled={false}
                id="taskImage"
                name="taskImage"
                onAnimationStart={[Function]}
                onBlur={[Function]}
                onChange={[Function]}
                onFocus={[Function]}
                required={false}
                type="file"
              />
              <fieldset
                aria-hidden={true}
                className="MuiOutlinedInput-notchedOutline css-1d3z3hw-MuiOutlinedInput-notchedOutline"
              >
                <legend
                  className="css-ihdtdm"
                >
                  <span
                    className="notranslate"
                  >
                    ​
                  </span>
                </legend>
              </fieldset>
            </div>
          </div>
        </div>
      </div>
    </div>
  </div>,
  <div
    className="MuiBox-root css-xi606m"
  >
    <button
      className="MuiButtonBase-root MuiButton-root MuiButton-contained MuiButton-containedPrimary MuiButton-sizeMedium MuiButton-containedSizeMedium MuiButton-root MuiButton-contained MuiButton-containedPrimary MuiButton-sizeMedium MuiButton-containedSizeMedium css-sghohy-MuiButtonBase-root-MuiButton-root"
      disabled={false}
      onBlur={[Function]}
      onClick={[Function]}
      onContextMenu={[Function]}
      onDragLeave={[Function]}
      onFocus={[Function]}
      onKeyDown={[Function]}
      onKeyUp={[Function]}
      onMouseDown={[Function]}
      onMouseLeave={[Function]}
      onMouseUp={[Function]}
      onTouchEnd={[Function]}
      onTouchMove={[Function]}
      onTouchStart={[Function]}
      style={
        Object {
          "backgroundColor": "#2E3B55",
          "width": "40%",
        }
      }
      tabIndex={0}
      type="button"
    >
      Create Task
    </button>
  </div>,
  <div
    style={
      Object {
        "display": "flex",
        "flexDirection": "row",
      }
    }
  >
    <div
      className="MuiGrid-root MuiGrid-container MuiGrid-spacing-xs-3 css-1isesj-MuiGrid-root"
    />
  </div>,
]
`;
